// Vitest Snapshot v1, https://vitest.dev/guide/snapshot.html

exports[`calculateAverages > should not increase strokes when using IQR 1`] = `
[
  {
    "Abflugrichtung": 7.82,
    "Abflugwinkel": 39.47,
    "Anstellwinkel": -1.55,
    "Backspin": 4413.69,
    "Ballgeschwindigkeit": 86.17,
    "Carry-Abweichungsdistanz": 5.02,
    "Carry-Abweichungswinkel": 8.46,
    "Carry-Distanz": 44.76,
    "Club Speed": 101.42,
    "Drehachse": -0.84,
    "Drehrate": 4580.74,
    "Gesamtabweichungsdistanz": 5.71,
    "Gesamtabweichungswinkel": 8.39,
    "Gesamtstrecke": 49.3,
    "Höhe des Scheitelpunkts": 12.94,
    "Luftdichte": 1.23,
    "Luftdruck": 99.65,
    "Relative Luftfeuchtigkeit": 76,
    "Schl.gsch.": 101.42,
    "Schlagfläche": 6.05,
    "Schlagflächenstellung": 13.42,
    "Schwungbahn": -3.39,
    "Sidespin": -417.09,
    "Smash Factor": 0.86,
    "Temperatur": 8.89,
    "count": 17,
    "name": "Sand Wedge",
  },
  {
    "Abflugrichtung": 0.58,
    "Abflugwinkel": 23.05,
    "Anstellwinkel": 1.4,
    "Backspin": 4352.68,
    "Ballgeschwindigkeit": 117.55,
    "Carry-Abweichungsdistanz": -2.38,
    "Carry-Abweichungswinkel": -0.34,
    "Carry-Distanz": 66.9,
    "Club Speed": 111.87,
    "Drehachse": -3.14,
    "Drehrate": 4473.34,
    "Gesamtabweichungsdistanz": -2.26,
    "Gesamtabweichungswinkel": -0.38,
    "Gesamtstrecke": 74.35,
    "Höhe des Scheitelpunkts": 12.91,
    "Luftdichte": 1.23,
    "Luftdruck": 100.07,
    "Relative Luftfeuchtigkeit": 77.79,
    "Schl.gsch.": 111.87,
    "Schlagfläche": -2.15,
    "Schlagflächenstellung": 3.79,
    "Schwungbahn": -2.67,
    "Sidespin": 162.91,
    "Smash Factor": 1.05,
    "Temperatur": 8.29,
    "count": 28,
    "name": "Pitching Wedge",
  },
  {
    "Abflugrichtung": 2.15,
    "Abflugwinkel": 21.1,
    "Anstellwinkel": 1.51,
    "Backspin": 4720.93,
    "Ballgeschwindigkeit": 124.37,
    "Carry-Abweichungsdistanz": 0.59,
    "Carry-Abweichungswinkel": 1.79,
    "Carry-Distanz": 77.87,
    "Club Speed": 113.63,
    "Drehachse": -0.69,
    "Drehrate": 4782.15,
    "Gesamtabweichungsdistanz": 1.09,
    "Gesamtabweichungswinkel": 1.77,
    "Gesamtstrecke": 89.08,
    "Höhe des Scheitelpunkts": 12.79,
    "Luftdichte": 1.24,
    "Luftdruck": 100.31,
    "Relative Luftfeuchtigkeit": 81,
    "Schl.gsch.": 113.63,
    "Schlagfläche": 0.86,
    "Schlagflächenstellung": 3.99,
    "Schwungbahn": -1.19,
    "Sidespin": 62.92,
    "Smash Factor": 1.1,
    "Temperatur": 7.95,
    "count": 41,
    "name": "9 Iron",
  },
  {
    "Abflugrichtung": 2.98,
    "Abflugwinkel": 21.63,
    "Anstellwinkel": -0.2,
    "Backspin": 4798.75,
    "Ballgeschwindigkeit": 131.64,
    "Carry-Abweichungsdistanz": 0.43,
    "Carry-Abweichungswinkel": 2.06,
    "Carry-Distanz": 88.01,
    "Club Speed": 119.01,
    "Drehachse": -2.32,
    "Drehrate": 4878.83,
    "Gesamtabweichungsdistanz": 0.57,
    "Gesamtabweichungswinkel": 1.99,
    "Gesamtstrecke": 97.97,
    "Höhe des Scheitelpunkts": 14.92,
    "Luftdichte": 1.24,
    "Luftdruck": 100.29,
    "Relative Luftfeuchtigkeit": 81.95,
    "Schl.gsch.": 119.01,
    "Schlagfläche": 0.59,
    "Schlagflächenstellung": 4.95,
    "Schwungbahn": -1.26,
    "Sidespin": 203.01,
    "Smash Factor": 1.11,
    "Temperatur": 7.99,
    "count": 37,
    "name": "8 Iron",
  },
  {
    "Abflugrichtung": 1.93,
    "Abflugwinkel": 15.14,
    "Anstellwinkel": -1.21,
    "Backspin": 4621.16,
    "Ballgeschwindigkeit": 134.77,
    "Carry-Abweichungsdistanz": -0.16,
    "Carry-Abweichungswinkel": 1.07,
    "Carry-Distanz": 82.55,
    "Club Speed": 117.51,
    "Drehachse": -2.07,
    "Drehrate": 4693.22,
    "Gesamtabweichungsdistanz": 0.21,
    "Gesamtabweichungswinkel": 0.99,
    "Gesamtstrecke": 97.3,
    "Höhe des Scheitelpunkts": 10.06,
    "Luftdichte": 1.24,
    "Luftdruck": 100.31,
    "Relative Luftfeuchtigkeit": 81.58,
    "Schl.gsch.": 117.51,
    "Schlagfläche": 1.34,
    "Schlagflächenstellung": 1.85,
    "Schwungbahn": 0.19,
    "Sidespin": 227.95,
    "Smash Factor": 1.15,
    "Temperatur": 7.96,
    "count": 45,
    "name": "7 Iron",
  },
  {
    "Abflugrichtung": -0.47,
    "Abflugwinkel": 13.81,
    "Anstellwinkel": -1,
    "Backspin": 4215.02,
    "Ballgeschwindigkeit": 137.35,
    "Carry-Abweichungsdistanz": -5.49,
    "Carry-Abweichungswinkel": -1.79,
    "Carry-Distanz": 83.67,
    "Club Speed": 116.78,
    "Drehachse": -3.66,
    "Drehrate": 4386.35,
    "Gesamtabweichungsdistanz": -6.03,
    "Gesamtabweichungswinkel": -1.92,
    "Gesamtstrecke": 99.95,
    "Höhe des Scheitelpunkts": 9.16,
    "Luftdichte": 1.24,
    "Luftdruck": 100.17,
    "Relative Luftfeuchtigkeit": 78.22,
    "Schl.gsch.": 116.78,
    "Schlagfläche": -1.61,
    "Schlagflächenstellung": 0.67,
    "Schwungbahn": -1.12,
    "Sidespin": 223.24,
    "Smash Factor": 1.17,
    "Temperatur": 8.15,
    "count": 36,
    "name": "6 Iron",
  },
  {
    "Abflugrichtung": 2.68,
    "Abflugwinkel": 7.23,
    "Anstellwinkel": -2.88,
    "Backspin": 3011.19,
    "Ballgeschwindigkeit": 156.01,
    "Carry-Abweichungsdistanz": 1.05,
    "Carry-Abweichungswinkel": 2.23,
    "Carry-Distanz": 84.51,
    "Club Speed": 126.39,
    "Drehachse": -0.73,
    "Drehrate": 3124.38,
    "Gesamtabweichungsdistanz": 1.34,
    "Gesamtabweichungswinkel": 2.13,
    "Gesamtstrecke": 118.26,
    "Höhe des Scheitelpunkts": 4.55,
    "Luftdichte": 1.24,
    "Luftdruck": 100.37,
    "Relative Luftfeuchtigkeit": 83.04,
    "Schl.gsch.": 126.39,
    "Schlagfläche": 3.13,
    "Schlagflächenstellung": 2.27,
    "Schwungbahn": 0.86,
    "Sidespin": -13.66,
    "Smash Factor": 1.23,
    "Temperatur": 7.41,
    "count": 56,
    "name": "2 Hybrid",
  },
  {
    "Abflugrichtung": 5.86,
    "Abflugwinkel": 10.56,
    "Anstellwinkel": -4.77,
    "Backspin": 5732.66,
    "Ballgeschwindigkeit": 158.85,
    "Carry-Abweichungsdistanz": 4.99,
    "Carry-Abweichungswinkel": 4.78,
    "Carry-Distanz": 105.71,
    "Club Speed": 127.99,
    "Drehachse": -3.74,
    "Drehrate": 5848.42,
    "Gesamtabweichungsdistanz": 5.52,
    "Gesamtabweichungswinkel": 4.65,
    "Gesamtstrecke": 121.03,
    "Höhe des Scheitelpunkts": 10.17,
    "Luftdichte": 1.23,
    "Luftdruck": 99.49,
    "Relative Luftfeuchtigkeit": 87,
    "Schl.gsch.": 127.99,
    "Schlagfläche": 5.93,
    "Schlagflächenstellung": 5.98,
    "Schwungbahn": 1,
    "Sidespin": 112.27,
    "Smash Factor": 1.24,
    "Temperatur": 7.78,
    "count": 31,
    "name": "7 Wood",
  },
  {
    "Abflugrichtung": 8.22,
    "Abflugwinkel": 6.68,
    "Anstellwinkel": -6.25,
    "Backspin": 3591.5,
    "Ballgeschwindigkeit": 146.98,
    "Carry-Abweichungsdistanz": 10.59,
    "Carry-Abweichungswinkel": 9.26,
    "Carry-Distanz": 67.45,
    "Club Speed": 122.19,
    "Drehachse": 3.43,
    "Drehrate": 3689.65,
    "Gesamtabweichungsdistanz": 15.31,
    "Gesamtabweichungswinkel": 9.51,
    "Gesamtstrecke": 103.26,
    "Höhe des Scheitelpunkts": 3.41,
    "Luftdichte": 1.23,
    "Luftdruck": 99.49,
    "Relative Luftfeuchtigkeit": 87,
    "Schl.gsch.": 122.19,
    "Schlagfläche": 9.82,
    "Schlagflächenstellung": 8.52,
    "Schwungbahn": 1.29,
    "Sidespin": -307.95,
    "Smash Factor": 1.2,
    "Temperatur": 7.78,
    "count": 9,
    "name": "4 Wood",
  },
  {
    "Abflugrichtung": 3.19,
    "Abflugwinkel": 12.7,
    "Anstellwinkel": -0.11,
    "Backspin": 3236.36,
    "Ballgeschwindigkeit": 179.23,
    "Carry-Abweichungsdistanz": -0.44,
    "Carry-Abweichungswinkel": 0.3,
    "Carry-Distanz": 129.59,
    "Club Speed": 139.86,
    "Drehachse": -12.94,
    "Drehrate": 3363.67,
    "Gesamtabweichungsdistanz": -2.91,
    "Gesamtabweichungswinkel": -0.28,
    "Gesamtstrecke": 152.13,
    "Höhe des Scheitelpunkts": 13.53,
    "Luftdichte": 1.24,
    "Luftdruck": 99.89,
    "Relative Luftfeuchtigkeit": 85.17,
    "Schl.gsch.": 139.86,
    "Schlagfläche": 3.55,
    "Schlagflächenstellung": 1.53,
    "Schwungbahn": 1.99,
    "Sidespin": 476.44,
    "Smash Factor": 1.28,
    "Temperatur": 7.61,
    "count": 46,
    "name": "Driver",
  },
]
`;

exports[`calculateAverages > should return averages 1`] = `
[
  {
    "Abflugrichtung": 7.82,
    "Abflugwinkel": 39.47,
    "Anstellwinkel": -1.55,
    "Backspin": 4413.69,
    "Ballgeschwindigkeit": 86.17,
    "Carry-Abweichungsdistanz": 5.02,
    "Carry-Abweichungswinkel": 8.46,
    "Carry-Distanz": 44.76,
    "Club Speed": 101.42,
    "Drehachse": -0.84,
    "Drehrate": 4580.74,
    "Gesamtabweichungsdistanz": 5.71,
    "Gesamtabweichungswinkel": 8.39,
    "Gesamtstrecke": 49.3,
    "Höhe des Scheitelpunkts": 12.94,
    "Luftdichte": 1.23,
    "Luftdruck": 99.65,
    "Relative Luftfeuchtigkeit": 76,
    "Schl.gsch.": 101.42,
    "Schlagfläche": 6.05,
    "Schlagflächenstellung": 13.42,
    "Schwungbahn": -3.39,
    "Sidespin": -417.09,
    "Smash Factor": 0.86,
    "Temperatur": 8.89,
    "count": 17,
    "name": "Sand Wedge",
  },
  {
    "Abflugrichtung": 0.58,
    "Abflugwinkel": 23.05,
    "Anstellwinkel": 1.4,
    "Backspin": 4352.68,
    "Ballgeschwindigkeit": 117.55,
    "Carry-Abweichungsdistanz": -2.38,
    "Carry-Abweichungswinkel": -0.34,
    "Carry-Distanz": 66.9,
    "Club Speed": 111.87,
    "Drehachse": -3.14,
    "Drehrate": 4473.34,
    "Gesamtabweichungsdistanz": -2.26,
    "Gesamtabweichungswinkel": -0.38,
    "Gesamtstrecke": 74.35,
    "Höhe des Scheitelpunkts": 12.91,
    "Luftdichte": 1.23,
    "Luftdruck": 100.07,
    "Relative Luftfeuchtigkeit": 77.79,
    "Schl.gsch.": 111.87,
    "Schlagfläche": -2.15,
    "Schlagflächenstellung": 3.79,
    "Schwungbahn": -2.67,
    "Sidespin": 162.91,
    "Smash Factor": 1.05,
    "Temperatur": 8.29,
    "count": 28,
    "name": "Pitching Wedge",
  },
  {
    "Abflugrichtung": 2.15,
    "Abflugwinkel": 21.1,
    "Anstellwinkel": 1.51,
    "Backspin": 4720.93,
    "Ballgeschwindigkeit": 124.37,
    "Carry-Abweichungsdistanz": 0.59,
    "Carry-Abweichungswinkel": 1.79,
    "Carry-Distanz": 77.87,
    "Club Speed": 113.63,
    "Drehachse": -0.69,
    "Drehrate": 4782.15,
    "Gesamtabweichungsdistanz": 1.09,
    "Gesamtabweichungswinkel": 1.77,
    "Gesamtstrecke": 89.08,
    "Höhe des Scheitelpunkts": 12.79,
    "Luftdichte": 1.24,
    "Luftdruck": 100.31,
    "Relative Luftfeuchtigkeit": 81,
    "Schl.gsch.": 113.63,
    "Schlagfläche": 0.86,
    "Schlagflächenstellung": 3.99,
    "Schwungbahn": -1.19,
    "Sidespin": 62.92,
    "Smash Factor": 1.1,
    "Temperatur": 7.95,
    "count": 41,
    "name": "9 Iron",
  },
  {
    "Abflugrichtung": 2.98,
    "Abflugwinkel": 21.63,
    "Anstellwinkel": -0.2,
    "Backspin": 4798.75,
    "Ballgeschwindigkeit": 131.64,
    "Carry-Abweichungsdistanz": 0.43,
    "Carry-Abweichungswinkel": 2.06,
    "Carry-Distanz": 88.01,
    "Club Speed": 119.01,
    "Drehachse": -2.32,
    "Drehrate": 4878.83,
    "Gesamtabweichungsdistanz": 0.57,
    "Gesamtabweichungswinkel": 1.99,
    "Gesamtstrecke": 97.97,
    "Höhe des Scheitelpunkts": 14.92,
    "Luftdichte": 1.24,
    "Luftdruck": 100.29,
    "Relative Luftfeuchtigkeit": 81.95,
    "Schl.gsch.": 119.01,
    "Schlagfläche": 0.59,
    "Schlagflächenstellung": 4.95,
    "Schwungbahn": -1.26,
    "Sidespin": 203.01,
    "Smash Factor": 1.11,
    "Temperatur": 7.99,
    "count": 37,
    "name": "8 Iron",
  },
  {
    "Abflugrichtung": 1.93,
    "Abflugwinkel": 15.14,
    "Anstellwinkel": -1.21,
    "Backspin": 4621.16,
    "Ballgeschwindigkeit": 134.77,
    "Carry-Abweichungsdistanz": -0.16,
    "Carry-Abweichungswinkel": 1.07,
    "Carry-Distanz": 82.55,
    "Club Speed": 117.51,
    "Drehachse": -2.07,
    "Drehrate": 4693.22,
    "Gesamtabweichungsdistanz": 0.21,
    "Gesamtabweichungswinkel": 0.99,
    "Gesamtstrecke": 97.3,
    "Höhe des Scheitelpunkts": 10.06,
    "Luftdichte": 1.24,
    "Luftdruck": 100.31,
    "Relative Luftfeuchtigkeit": 81.58,
    "Schl.gsch.": 117.51,
    "Schlagfläche": 1.34,
    "Schlagflächenstellung": 1.85,
    "Schwungbahn": 0.19,
    "Sidespin": 227.95,
    "Smash Factor": 1.15,
    "Temperatur": 7.96,
    "count": 45,
    "name": "7 Iron",
  },
  {
    "Abflugrichtung": -0.47,
    "Abflugwinkel": 13.81,
    "Anstellwinkel": -1,
    "Backspin": 4215.02,
    "Ballgeschwindigkeit": 137.35,
    "Carry-Abweichungsdistanz": -5.49,
    "Carry-Abweichungswinkel": -1.79,
    "Carry-Distanz": 83.67,
    "Club Speed": 116.78,
    "Drehachse": -3.66,
    "Drehrate": 4386.35,
    "Gesamtabweichungsdistanz": -6.03,
    "Gesamtabweichungswinkel": -1.92,
    "Gesamtstrecke": 99.95,
    "Höhe des Scheitelpunkts": 9.16,
    "Luftdichte": 1.24,
    "Luftdruck": 100.17,
    "Relative Luftfeuchtigkeit": 78.22,
    "Schl.gsch.": 116.78,
    "Schlagfläche": -1.61,
    "Schlagflächenstellung": 0.67,
    "Schwungbahn": -1.12,
    "Sidespin": 223.24,
    "Smash Factor": 1.17,
    "Temperatur": 8.15,
    "count": 36,
    "name": "6 Iron",
  },
  {
    "Abflugrichtung": 2.68,
    "Abflugwinkel": 7.23,
    "Anstellwinkel": -2.88,
    "Backspin": 3011.19,
    "Ballgeschwindigkeit": 156.01,
    "Carry-Abweichungsdistanz": 1.05,
    "Carry-Abweichungswinkel": 2.23,
    "Carry-Distanz": 84.51,
    "Club Speed": 126.39,
    "Drehachse": -0.73,
    "Drehrate": 3124.38,
    "Gesamtabweichungsdistanz": 1.34,
    "Gesamtabweichungswinkel": 2.13,
    "Gesamtstrecke": 118.26,
    "Höhe des Scheitelpunkts": 4.55,
    "Luftdichte": 1.24,
    "Luftdruck": 100.37,
    "Relative Luftfeuchtigkeit": 83.04,
    "Schl.gsch.": 126.39,
    "Schlagfläche": 3.13,
    "Schlagflächenstellung": 2.27,
    "Schwungbahn": 0.86,
    "Sidespin": -13.66,
    "Smash Factor": 1.23,
    "Temperatur": 7.41,
    "count": 56,
    "name": "2 Hybrid",
  },
  {
    "Abflugrichtung": 5.86,
    "Abflugwinkel": 10.56,
    "Anstellwinkel": -4.77,
    "Backspin": 5732.66,
    "Ballgeschwindigkeit": 158.85,
    "Carry-Abweichungsdistanz": 4.99,
    "Carry-Abweichungswinkel": 4.78,
    "Carry-Distanz": 105.71,
    "Club Speed": 127.99,
    "Drehachse": -3.74,
    "Drehrate": 5848.42,
    "Gesamtabweichungsdistanz": 5.52,
    "Gesamtabweichungswinkel": 4.65,
    "Gesamtstrecke": 121.03,
    "Höhe des Scheitelpunkts": 10.17,
    "Luftdichte": 1.23,
    "Luftdruck": 99.49,
    "Relative Luftfeuchtigkeit": 87,
    "Schl.gsch.": 127.99,
    "Schlagfläche": 5.93,
    "Schlagflächenstellung": 5.98,
    "Schwungbahn": 1,
    "Sidespin": 112.27,
    "Smash Factor": 1.24,
    "Temperatur": 7.78,
    "count": 31,
    "name": "7 Wood",
  },
  {
    "Abflugrichtung": 8.22,
    "Abflugwinkel": 6.68,
    "Anstellwinkel": -6.25,
    "Backspin": 3591.5,
    "Ballgeschwindigkeit": 146.98,
    "Carry-Abweichungsdistanz": 10.59,
    "Carry-Abweichungswinkel": 9.26,
    "Carry-Distanz": 67.45,
    "Club Speed": 122.19,
    "Drehachse": 3.43,
    "Drehrate": 3689.65,
    "Gesamtabweichungsdistanz": 15.31,
    "Gesamtabweichungswinkel": 9.51,
    "Gesamtstrecke": 103.26,
    "Höhe des Scheitelpunkts": 3.41,
    "Luftdichte": 1.23,
    "Luftdruck": 99.49,
    "Relative Luftfeuchtigkeit": 87,
    "Schl.gsch.": 122.19,
    "Schlagfläche": 9.82,
    "Schlagflächenstellung": 8.52,
    "Schwungbahn": 1.29,
    "Sidespin": -307.95,
    "Smash Factor": 1.2,
    "Temperatur": 7.78,
    "count": 9,
    "name": "4 Wood",
  },
  {
    "Abflugrichtung": 3.19,
    "Abflugwinkel": 12.7,
    "Anstellwinkel": -0.11,
    "Backspin": 3236.36,
    "Ballgeschwindigkeit": 179.23,
    "Carry-Abweichungsdistanz": -0.44,
    "Carry-Abweichungswinkel": 0.3,
    "Carry-Distanz": 129.59,
    "Club Speed": 139.86,
    "Drehachse": -12.94,
    "Drehrate": 3363.67,
    "Gesamtabweichungsdistanz": -2.91,
    "Gesamtabweichungswinkel": -0.28,
    "Gesamtstrecke": 152.13,
    "Höhe des Scheitelpunkts": 13.53,
    "Luftdichte": 1.24,
    "Luftdruck": 99.89,
    "Relative Luftfeuchtigkeit": 85.17,
    "Schl.gsch.": 139.86,
    "Schlagfläche": 3.55,
    "Schlagflächenstellung": 1.53,
    "Schwungbahn": 1.99,
    "Sidespin": 476.44,
    "Smash Factor": 1.28,
    "Temperatur": 7.61,
    "count": 46,
    "name": "Driver",
  },
]
`;

exports[`useBestShots > should return the best shots 1`] = `
[
  {
    "Abflugrichtung": 7.82,
    "Abflugwinkel": 39.47,
    "Anstellwinkel": -1.55,
    "Backspin": 4413.69,
    "Ballgeschwindigkeit": 86.17,
    "Carry-Abweichungsdistanz": 5.02,
    "Carry-Abweichungswinkel": 8.46,
    "Carry-Distanz": 44.76,
    "Club Speed": 101.42,
    "Drehachse": -0.84,
    "Drehrate": 4580.74,
    "Gesamtabweichungsdistanz": 5.71,
    "Gesamtabweichungswinkel": 8.39,
    "Gesamtstrecke": 49.3,
    "Höhe des Scheitelpunkts": 12.94,
    "Luftdichte": 1.23,
    "Luftdruck": 99.65,
    "Relative Luftfeuchtigkeit": 76,
    "Schl.gsch.": 101.42,
    "Schlagfläche": 6.05,
    "Schlagflächenstellung": 13.42,
    "Schwungbahn": -3.39,
    "Sidespin": -417.09,
    "Smash Factor": 0.86,
    "Temperatur": 8.89,
    "count": 17,
    "name": "Sand Wedge",
  },
  {
    "Abflugrichtung": 0.58,
    "Abflugwinkel": 23.05,
    "Anstellwinkel": 1.4,
    "Backspin": 4352.68,
    "Ballgeschwindigkeit": 117.55,
    "Carry-Abweichungsdistanz": -2.38,
    "Carry-Abweichungswinkel": -0.34,
    "Carry-Distanz": 66.9,
    "Club Speed": 111.87,
    "Drehachse": -3.14,
    "Drehrate": 4473.34,
    "Gesamtabweichungsdistanz": -2.26,
    "Gesamtabweichungswinkel": -0.38,
    "Gesamtstrecke": 74.35,
    "Höhe des Scheitelpunkts": 12.91,
    "Luftdichte": 1.23,
    "Luftdruck": 100.07,
    "Relative Luftfeuchtigkeit": 77.79,
    "Schl.gsch.": 111.87,
    "Schlagfläche": -2.15,
    "Schlagflächenstellung": 3.79,
    "Schwungbahn": -2.67,
    "Sidespin": 162.91,
    "Smash Factor": 1.05,
    "Temperatur": 8.29,
    "count": 28,
    "name": "Pitching Wedge",
  },
  {
    "Abflugrichtung": 2.15,
    "Abflugwinkel": 21.1,
    "Anstellwinkel": 1.51,
    "Backspin": 4720.93,
    "Ballgeschwindigkeit": 124.37,
    "Carry-Abweichungsdistanz": 0.59,
    "Carry-Abweichungswinkel": 1.79,
    "Carry-Distanz": 77.87,
    "Club Speed": 113.63,
    "Drehachse": -0.69,
    "Drehrate": 4782.15,
    "Gesamtabweichungsdistanz": 1.09,
    "Gesamtabweichungswinkel": 1.77,
    "Gesamtstrecke": 89.08,
    "Höhe des Scheitelpunkts": 12.79,
    "Luftdichte": 1.24,
    "Luftdruck": 100.31,
    "Relative Luftfeuchtigkeit": 81,
    "Schl.gsch.": 113.63,
    "Schlagfläche": 0.86,
    "Schlagflächenstellung": 3.99,
    "Schwungbahn": -1.19,
    "Sidespin": 62.92,
    "Smash Factor": 1.1,
    "Temperatur": 7.95,
    "count": 41,
    "name": "9 Iron",
  },
  {
    "Abflugrichtung": 2.98,
    "Abflugwinkel": 21.63,
    "Anstellwinkel": -0.2,
    "Backspin": 4798.75,
    "Ballgeschwindigkeit": 131.64,
    "Carry-Abweichungsdistanz": 0.43,
    "Carry-Abweichungswinkel": 2.06,
    "Carry-Distanz": 88.01,
    "Club Speed": 119.01,
    "Drehachse": -2.32,
    "Drehrate": 4878.83,
    "Gesamtabweichungsdistanz": 0.57,
    "Gesamtabweichungswinkel": 1.99,
    "Gesamtstrecke": 97.97,
    "Höhe des Scheitelpunkts": 14.92,
    "Luftdichte": 1.24,
    "Luftdruck": 100.29,
    "Relative Luftfeuchtigkeit": 81.95,
    "Schl.gsch.": 119.01,
    "Schlagfläche": 0.59,
    "Schlagflächenstellung": 4.95,
    "Schwungbahn": -1.26,
    "Sidespin": 203.01,
    "Smash Factor": 1.11,
    "Temperatur": 7.99,
    "count": 37,
    "name": "8 Iron",
  },
  {
    "Abflugrichtung": 1.93,
    "Abflugwinkel": 15.14,
    "Anstellwinkel": -1.21,
    "Backspin": 4621.16,
    "Ballgeschwindigkeit": 134.77,
    "Carry-Abweichungsdistanz": -0.16,
    "Carry-Abweichungswinkel": 1.07,
    "Carry-Distanz": 82.55,
    "Club Speed": 117.51,
    "Drehachse": -2.07,
    "Drehrate": 4693.22,
    "Gesamtabweichungsdistanz": 0.21,
    "Gesamtabweichungswinkel": 0.99,
    "Gesamtstrecke": 97.3,
    "Höhe des Scheitelpunkts": 10.06,
    "Luftdichte": 1.24,
    "Luftdruck": 100.31,
    "Relative Luftfeuchtigkeit": 81.58,
    "Schl.gsch.": 117.51,
    "Schlagfläche": 1.34,
    "Schlagflächenstellung": 1.85,
    "Schwungbahn": 0.19,
    "Sidespin": 227.95,
    "Smash Factor": 1.15,
    "Temperatur": 7.96,
    "count": 45,
    "name": "7 Iron",
  },
  {
    "Abflugrichtung": -0.47,
    "Abflugwinkel": 13.81,
    "Anstellwinkel": -1,
    "Backspin": 4215.02,
    "Ballgeschwindigkeit": 137.35,
    "Carry-Abweichungsdistanz": -5.49,
    "Carry-Abweichungswinkel": -1.79,
    "Carry-Distanz": 83.67,
    "Club Speed": 116.78,
    "Drehachse": -3.66,
    "Drehrate": 4386.35,
    "Gesamtabweichungsdistanz": -6.03,
    "Gesamtabweichungswinkel": -1.92,
    "Gesamtstrecke": 99.95,
    "Höhe des Scheitelpunkts": 9.16,
    "Luftdichte": 1.24,
    "Luftdruck": 100.17,
    "Relative Luftfeuchtigkeit": 78.22,
    "Schl.gsch.": 116.78,
    "Schlagfläche": -1.61,
    "Schlagflächenstellung": 0.67,
    "Schwungbahn": -1.12,
    "Sidespin": 223.24,
    "Smash Factor": 1.17,
    "Temperatur": 8.15,
    "count": 36,
    "name": "6 Iron",
  },
  {
    "Abflugrichtung": 2.68,
    "Abflugwinkel": 7.23,
    "Anstellwinkel": -2.88,
    "Backspin": 3011.19,
    "Ballgeschwindigkeit": 156.01,
    "Carry-Abweichungsdistanz": 1.05,
    "Carry-Abweichungswinkel": 2.23,
    "Carry-Distanz": 84.51,
    "Club Speed": 126.39,
    "Drehachse": -0.73,
    "Drehrate": 3124.38,
    "Gesamtabweichungsdistanz": 1.34,
    "Gesamtabweichungswinkel": 2.13,
    "Gesamtstrecke": 118.26,
    "Höhe des Scheitelpunkts": 4.55,
    "Luftdichte": 1.24,
    "Luftdruck": 100.37,
    "Relative Luftfeuchtigkeit": 83.04,
    "Schl.gsch.": 126.39,
    "Schlagfläche": 3.13,
    "Schlagflächenstellung": 2.27,
    "Schwungbahn": 0.86,
    "Sidespin": -13.66,
    "Smash Factor": 1.23,
    "Temperatur": 7.41,
    "count": 56,
    "name": "2 Hybrid",
  },
  {
    "Abflugrichtung": 5.86,
    "Abflugwinkel": 10.56,
    "Anstellwinkel": -4.77,
    "Backspin": 5732.66,
    "Ballgeschwindigkeit": 158.85,
    "Carry-Abweichungsdistanz": 4.99,
    "Carry-Abweichungswinkel": 4.78,
    "Carry-Distanz": 105.71,
    "Club Speed": 127.99,
    "Drehachse": -3.74,
    "Drehrate": 5848.42,
    "Gesamtabweichungsdistanz": 5.52,
    "Gesamtabweichungswinkel": 4.65,
    "Gesamtstrecke": 121.03,
    "Höhe des Scheitelpunkts": 10.17,
    "Luftdichte": 1.23,
    "Luftdruck": 99.49,
    "Relative Luftfeuchtigkeit": 87,
    "Schl.gsch.": 127.99,
    "Schlagfläche": 5.93,
    "Schlagflächenstellung": 5.98,
    "Schwungbahn": 1,
    "Sidespin": 112.27,
    "Smash Factor": 1.24,
    "Temperatur": 7.78,
    "count": 31,
    "name": "7 Wood",
  },
  {
    "Abflugrichtung": 8.22,
    "Abflugwinkel": 6.68,
    "Anstellwinkel": -6.25,
    "Backspin": 3591.5,
    "Ballgeschwindigkeit": 146.98,
    "Carry-Abweichungsdistanz": 10.59,
    "Carry-Abweichungswinkel": 9.26,
    "Carry-Distanz": 67.45,
    "Club Speed": 122.19,
    "Drehachse": 3.43,
    "Drehrate": 3689.65,
    "Gesamtabweichungsdistanz": 15.31,
    "Gesamtabweichungswinkel": 9.51,
    "Gesamtstrecke": 103.26,
    "Höhe des Scheitelpunkts": 3.41,
    "Luftdichte": 1.23,
    "Luftdruck": 99.49,
    "Relative Luftfeuchtigkeit": 87,
    "Schl.gsch.": 122.19,
    "Schlagfläche": 9.82,
    "Schlagflächenstellung": 8.52,
    "Schwungbahn": 1.29,
    "Sidespin": -307.95,
    "Smash Factor": 1.2,
    "Temperatur": 7.78,
    "count": 9,
    "name": "4 Wood",
  },
  {
    "Abflugrichtung": 3.19,
    "Abflugwinkel": 12.7,
    "Anstellwinkel": -0.11,
    "Backspin": 3236.36,
    "Ballgeschwindigkeit": 179.23,
    "Carry-Abweichungsdistanz": -0.44,
    "Carry-Abweichungswinkel": 0.3,
    "Carry-Distanz": 129.59,
    "Club Speed": 139.86,
    "Drehachse": -12.94,
    "Drehrate": 3363.67,
    "Gesamtabweichungsdistanz": -2.91,
    "Gesamtabweichungswinkel": -0.28,
    "Gesamtstrecke": 152.13,
    "Höhe des Scheitelpunkts": 13.53,
    "Luftdichte": 1.24,
    "Luftdruck": 99.89,
    "Relative Luftfeuchtigkeit": 85.17,
    "Schl.gsch.": 139.86,
    "Schlagfläche": 3.55,
    "Schlagflächenstellung": 1.53,
    "Schwungbahn": 1.99,
    "Sidespin": 476.44,
    "Smash Factor": 1.28,
    "Temperatur": 7.61,
    "count": 46,
    "name": "Driver",
  },
]
`;
